
> frontend@0.1.0 build
> next build

node.exe : ΓÜá Attempted 
to load 
@next/swc-win32-x64-msvc, 
but an error occurred: \\?
\C:\Users\shara\OneDrive\D
esktop\Hospital management
\frontend\node_modules\@ne
xt\swc-win32-x64-msvc\next
-swc.win32-x64-msvc.node 
is not a valid Win32 
application.
At line:1 char:1
+ & "C:\Program 
Files\nodejs/node.exe" 
"C:\Program 
Files\nodejs/node_mo ...
+ ~~~~~~~~~~~~~~~~~~~~~~~~
~~~~~~~~~~~~~~~~~~~~~~~~~~
~~~~~~~~~~~~~~~~~~~
    + CategoryInfo        
      : NotSpecified: (Γ  
  Üá Attempted t...32 a   
 pplication.:String) [    
], RemoteException
    + FullyQualifiedError 
   Id : NativeCommandErr  
  or
 
\\?\C:\Users\shara\OneDriv
e\Desktop\Hospital managem
ent\frontend\node_modules\
@next\swc-win32-x64-msvc\n
ext-swc.win32-x64-msvc.nod
e
  Skipping creating a lockfile at C:\Users\shara\OneDrive\Desktop\Hospital management\frontend\.next\lock because we're using WASM bindings
Γû▓ Next.js 16.2.1 (Turbopack)

  Creating an optimized production build ...
ΓÜá Attempted to load 
@next/swc-win32-x64-msvc, 
but an error occurred: \\?
\C:\Users\shara\OneDrive\D
esktop\Hospital management
\frontend\node_modules\@ne
xt\swc-win32-x64-msvc\next
-swc.win32-x64-msvc.node 
is not a valid Win32 
application.
\\?\C:\Users\shara\OneDriv
e\Desktop\Hospital managem
ent\frontend\node_modules\
@next\swc-win32-x64-msvc\n
ext-swc.win32-x64-msvc.nod
e

> Build error occurred
Error: Turbopack is not 
supported on this 
platform (win32/x64) 
because native bindings 
are not available. Only 
WebAssembly (WASM) 
bindings were loaded, and 
Turbopack requires native 
bindings.

To build on this 
platform, use Webpack 
instead:
  next build --webpack

For more information, 
see: https://nextjs.org/do
cs/app/api-reference/turbo
pack#supported-platforms
    at ignore-listed 
frames
